This is pdfTeX, Version 3.141592653-2.6-1.40.28 (TeX Live 2025) (preloaded format=pdflatex 2025.8.21)  27 FEB 2026 12:57
entering extended mode
 restricted \write18 enabled.
 %&-line parsing enabled.
**interp.tex
(./interp.tex
LaTeX2e <2025-06-01> patch level 1
L3 programming layer <2025-08-13>

! LaTeX Error: File `standalone.cls' not found.

Type X to quit or <RETURN> to proceed,
or enter new name. (Default extension: cls)

Enter file name: ^^[
! Interruption.
<to be read again> 
                   }
l.2 \usepackage
               {amsmath}^^M
? w
Type <return> to proceed, S to scroll future error messages,
R to run without stopping, Q to run quietly,
I to insert something, E to edit your file,
H for help, X to quit.
? 
! Missing endcsname inserted.
<to be read again> 
                   MessageBreak 
l.2 \usepackage
               {amsmath}
? 1
<recently read> MessageBreak 
                             
l.2 \usepackage
               {amsmath}
? q
OK, entering batchmode...
! Argument of __file_name_expand_cleanup:Nw has an extra }.
<inserted text> 
                par 
l.2 \usepackage
               {amsmath}
I've run across a `}' that doesn't seem to match anything.
For example, `\def\a#1{...}' and `\a}' would produce
this error. If you simply proceed now, the `\par' that
I've just inserted will cause me to report a runaway
argument that might be the root of the problem. But if
your `}' was spurious, just type `2' and it will go away.

Runaway argument?
not set up for use with LaTeX
! Paragraph ended before __file_name_expand_cleanup:Nw was complete.
<to be read again> 
                   par 
l.2 \usepackage
               {amsmath}
I suspect you've forgotten a `}', causing me to apply this
control sequence to too much text. How can we recover?
My plan is to forget the whole thing and hope for the best.

! Use of ??? doesn't match its definition.
<argument> ???  
                ! LaTeX Error: Missing \endcsname inserted in filename.
l.2 \usepackage
               {amsmath}
If you say, e.g., `\def\a1{...}', then you must always
put `1' after `\a', since control sequence names are
made up of letters only. The macro here has not been
followed by the required stuff, so I'm ignoring it.

! Use of ??? doesn't match its definition.
<argument> ???  
                ! LaTeX Error: Missing \endcsname inserted in filename.
l.2 \usepackage
               {amsmath}
If you say, e.g., `\def\a1{...}', then you must always
put `1' after `\a', since control sequence names are
made up of letters only. The macro here has not been
followed by the required stuff, so I'm ignoring it.

! Use of ??? doesn't match its definition.
<argument> ???  
                ! LaTeX Error: Missing \endcsname inserted in filename.
l.2 \usepackage
               {amsmath}
If you say, e.g., `\def\a1{...}', then you must always
put `1' after `\a', since control sequence names are
made up of letters only. The macro here has not been
followed by the required stuff, so I'm ignoring it.

! Use of ??? doesn't match its definition.
<argument> ???  
                ! LaTeX Error: Missing \endcsname inserted in filename.
l.2 \usepackage
               {amsmath}
If you say, e.g., `\def\a1{...}', then you must always
put `1' after `\a', since control sequence names are
made up of letters only. The macro here has not been
followed by the required stuff, so I'm ignoring it.

! Use of ??? doesn't match its definition.
<argument> ???  
                ! LaTeX Error: Missing \endcsname inserted in filename.
l.2 \usepackage
               {amsmath}
If you say, e.g., `\def\a1{...}', then you must always
put `1' after `\a', since control sequence names are
made up of letters only. The macro here has not been
followed by the required stuff, so I'm ignoring it.

! Use of ??? doesn't match its definition.
<argument> ???  
                ! LaTeX Error: Missing \endcsname inserted in filename.
l.2 \usepackage
               {amsmath}
If you say, e.g., `\def\a1{...}', then you must always
put `1' after `\a', since control sequence names are
made up of letters only. The macro here has not been
followed by the required stuff, so I'm ignoring it.

! Use of ??? doesn't match its definition.
<argument> ???  
                ! LaTeX Error: Missing \endcsname inserted in filename.
l.2 \usepackage
               {amsmath}
If you say, e.g., `\def\a1{...}', then you must always
put `1' after `\a', since control sequence names are
made up of letters only. The macro here has not been
followed by the required stuff, so I'm ignoring it.

! Use of ??? doesn't match its definition.
<argument> ???  
                ! LaTeX Error: Missing \endcsname inserted in filename.
l.2 \usepackage
               {amsmath}
If you say, e.g., `\def\a1{...}', then you must always
put `1' after `\a', since control sequence names are
made up of letters only. The macro here has not been
followed by the required stuff, so I'm ignoring it.

! Use of ??? doesn't match its definition.
<argument> ???  
                ! LaTeX Error: Missing \endcsname inserted in filename.
l.2 \usepackage
               {amsmath}
If you say, e.g., `\def\a1{...}', then you must always
put `1' after `\a', since control sequence names are
made up of letters only. The macro here has not been
followed by the required stuff, so I'm ignoring it.

! Use of ??? doesn't match its definition.
<argument> ???  
                ! LaTeX Error: Missing \endcsname inserted in filename.
l.2 \usepackage
               {amsmath}
If you say, e.g., `\def\a1{...}', then you must always
put `1' after `\a', since control sequence names are
made up of letters only. The macro here has not been
followed by the required stuff, so I'm ignoring it.

! Use of ??? doesn't match its definition.
<argument> ???  
                ! LaTeX Error: Missing \endcsname inserted in filename.
l.2 \usepackage
               {amsmath}
If you say, e.g., `\def\a1{...}', then you must always
put `1' after `\a', since control sequence names are
made up of letters only. The macro here has not been
followed by the required stuff, so I'm ignoring it.

! Use of ??? doesn't match its definition.
<argument> ???  
                ! LaTeX Error: Missing \endcsname inserted in filename.
l.2 \usepackage
               {amsmath}
If you say, e.g., `\def\a1{...}', then you must always
put `1' after `\a', since control sequence names are
made up of letters only. The macro here has not been
followed by the required stuff, so I'm ignoring it.

! Use of ??? doesn't match its definition.
<argument> ???  
                ! LaTeX Error: Missing \endcsname inserted in filename.
l.2 \usepackage
               {amsmath}
If you say, e.g., `\def\a1{...}', then you must always
put `1' after `\a', since control sequence names are
made up of letters only. The macro here has not been
followed by the required stuff, so I'm ignoring it.

! Use of ??? doesn't match its definition.
<argument> ???  
                ! LaTeX Error: Missing \endcsname inserted in filename.
l.2 \usepackage
               {amsmath}
If you say, e.g., `\def\a1{...}', then you must always
put `1' after `\a', since control sequence names are
made up of letters only. The macro here has not been
followed by the required stuff, so I'm ignoring it.

! Use of ??? doesn't match its definition.
<argument> ???  
                ! LaTeX Error: Missing \endcsname inserted in filename.
l.2 \usepackage
               {amsmath}
If you say, e.g., `\def\a1{...}', then you must always
put `1' after `\a', since control sequence names are
made up of letters only. The macro here has not been
followed by the required stuff, so I'm ignoring it.

! Use of ??? doesn't match its definition.
<argument> ???  
                ! LaTeX Error: Missing \endcsname inserted in filename.
l.2 \usepackage
               {amsmath}
If you say, e.g., `\def\a1{...}', then you must always
put `1' after `\a', since control sequence names are
made up of letters only. The macro here has not been
followed by the required stuff, so I'm ignoring it.

! Use of ??? doesn't match its definition.
<argument> ???  
                ! LaTeX Error: Missing \endcsname inserted in filename.
l.2 \usepackage
               {amsmath}
If you say, e.g., `\def\a1{...}', then you must always
put `1' after `\a', since control sequence names are
made up of letters only. The macro here has not been
followed by the required stuff, so I'm ignoring it.

! Use of ??? doesn't match its definition.
<argument> ???  
                ! LaTeX Error: Missing \endcsname inserted in filename.
l.2 \usepackage
               {amsmath}
If you say, e.g., `\def\a1{...}', then you must always
put `1' after `\a', since control sequence names are
made up of letters only. The macro here has not been
followed by the required stuff, so I'm ignoring it.

! Use of ??? doesn't match its definition.
<argument> ???  
                ! LaTeX Error: Missing \endcsname inserted in filename.
l.2 \usepackage
               {amsmath}
If you say, e.g., `\def\a1{...}', then you must always
put `1' after `\a', since control sequence names are
made up of letters only. The macro here has not been
followed by the required stuff, so I'm ignoring it.

! Use of ??? doesn't match its definition.
<argument> ???  
                ! LaTeX Error: Missing \endcsname inserted in filename.
l.2 \usepackage
               {amsmath}
If you say, e.g., `\def\a1{...}', then you must always
put `1' after `\a', since control sequence names are
made up of letters only. The macro here has not been
followed by the required stuff, so I'm ignoring it.

! Use of ??? doesn't match its definition.
<argument> ???  
                ! LaTeX Error: Missing \endcsname inserted in filename.
l.2 \usepackage
               {amsmath}
If you say, e.g., `\def\a1{...}', then you must always
put `1' after `\a', since control sequence names are
made up of letters only. The macro here has not been
followed by the required stuff, so I'm ignoring it.

! Use of ??? doesn't match its definition.
<argument> ???  
                ! LaTeX Error: Missing \endcsname inserted in filename.
l.2 \usepackage
               {amsmath}
If you say, e.g., `\def\a1{...}', then you must always
put `1' after `\a', since control sequence names are
made up of letters only. The macro here has not been
followed by the required stuff, so I'm ignoring it.

! Use of ??? doesn't match its definition.
<argument> ???  
                ! LaTeX Error: Missing \endcsname inserted in filename.
l.2 \usepackage
               {amsmath}
If you say, e.g., `\def\a1{...}', then you must always
put `1' after `\a', since control sequence names are
made up of letters only. The macro here has not been
followed by the required stuff, so I'm ignoring it.

! Use of ??? doesn't match its definition.
<argument> ???  
                ! LaTeX Error: Missing \endcsname inserted in filename.
l.2 \usepackage
               {amsmath}
If you say, e.g., `\def\a1{...}', then you must always
put `1' after `\a', since control sequence names are
made up of letters only. The macro here has not been
followed by the required stuff, so I'm ignoring it.

! Use of ??? doesn't match its definition.
<argument> ???  
                ! LaTeX Error: Missing \endcsname inserted in filename.
l.2 \usepackage
               {amsmath}
If you say, e.g., `\def\a1{...}', then you must always
put `1' after `\a', since control sequence names are
made up of letters only. The macro here has not been
followed by the required stuff, so I'm ignoring it.

! Use of ??? doesn't match its definition.
<argument> ???  
                ! LaTeX Error: Missing \endcsname inserted in filename.
l.2 \usepackage
               {amsmath}
If you say, e.g., `\def\a1{...}', then you must always
put `1' after `\a', since control sequence names are
made up of letters only. The macro here has not been
followed by the required stuff, so I'm ignoring it.

! Use of ??? doesn't match its definition.
<argument> ???  
                ! LaTeX Error: Missing \endcsname inserted in filename.
l.2 \usepackage
               {amsmath}
If you say, e.g., `\def\a1{...}', then you must always
put `1' after `\a', since control sequence names are
made up of letters only. The macro here has not been
followed by the required stuff, so I'm ignoring it.

! Use of ??? doesn't match its definition.
<argument> ???  
                ! LaTeX Error: Missing \endcsname inserted in filename.
l.2 \usepackage
               {amsmath}
If you say, e.g., `\def\a1{...}', then you must always
put `1' after `\a', since control sequence names are
made up of letters only. The macro here has not been
followed by the required stuff, so I'm ignoring it.

! Use of ??? doesn't match its definition.
<argument> ???  
                ! LaTeX Error: Missing \endcsname inserted in filename.
l.2 \usepackage
               {amsmath}
If you say, e.g., `\def\a1{...}', then you must always
put `1' after `\a', since control sequence names are
made up of letters only. The macro here has not been
followed by the required stuff, so I'm ignoring it.

! Use of ??? doesn't match its definition.
<argument> ???  
                ! LaTeX Error: Missing \endcsname inserted in filename.
l.2 \usepackage
               {amsmath}
If you say, e.g., `\def\a1{...}', then you must always
put `1' after `\a', since control sequence names are
made up of letters only. The macro here has not been
followed by the required stuff, so I'm ignoring it.

! Use of ??? doesn't match its definition.
<argument> ???  
                ! LaTeX Error: Missing \endcsname inserted in filename.
l.2 \usepackage
               {amsmath}
If you say, e.g., `\def\a1{...}', then you must always
put `1' after `\a', since control sequence names are
made up of letters only. The macro here has not been
followed by the required stuff, so I'm ignoring it.

! Use of ??? doesn't match its definition.
<argument> ???  
                ! LaTeX Error: Missing \endcsname inserted in filename.
l.2 \usepackage
               {amsmath}
If you say, e.g., `\def\a1{...}', then you must always
put `1' after `\a', since control sequence names are
made up of letters only. The macro here has not been
followed by the required stuff, so I'm ignoring it.

! Use of ??? doesn't match its definition.
<argument> ???  
                ! LaTeX Error: Missing \endcsname inserted in filename.
l.2 \usepackage
               {amsmath}
If you say, e.g., `\def\a1{...}', then you must always
put `1' after `\a', since control sequence names are
made up of letters only. The macro here has not been
followed by the required stuff, so I'm ignoring it.

! Use of ??? doesn't match its definition.
<argument> ???  
                ! LaTeX Error: Missing \endcsname inserted in filename.
l.2 \usepackage
               {amsmath}
If you say, e.g., `\def\a1{...}', then you must always
put `1' after `\a', since control sequence names are
made up of letters only. The macro here has not been
followed by the required stuff, so I'm ignoring it.

! Use of ??? doesn't match its definition.
<argument> ???  
                ! LaTeX Error: Missing \endcsname inserted in filename.
l.2 \usepackage
               {amsmath}
If you say, e.g., `\def\a1{...}', then you must always
put `1' after `\a', since control sequence names are
made up of letters only. The macro here has not been
followed by the required stuff, so I'm ignoring it.

! Use of ??? doesn't match its definition.
<argument> ???  
                ! LaTeX Error: Missing \endcsname inserted in filename.
l.2 \usepackage
               {amsmath}
If you say, e.g., `\def\a1{...}', then you must always
put `1' after `\a', since control sequence names are
made up of letters only. The macro here has not been
followed by the required stuff, so I'm ignoring it.

! Use of ??? doesn't match its definition.
<argument> ???  
                ! LaTeX Error: Missing \endcsname inserted in filename.
l.2 \usepackage
               {amsmath}
If you say, e.g., `\def\a1{...}', then you must always
put `1' after `\a', since control sequence names are
made up of letters only. The macro here has not been
followed by the required stuff, so I'm ignoring it.

! Use of ??? doesn't match its definition.
<argument> ???  
                ! LaTeX Error: Missing \endcsname inserted in filename.
l.2 \usepackage
               {amsmath}
If you say, e.g., `\def\a1{...}', then you must always
put `1' after `\a', since control sequence names are
made up of letters only. The macro here has not been
followed by the required stuff, so I'm ignoring it.

! Use of ??? doesn't match its definition.
<argument> ???  
                ! LaTeX Error: Missing \endcsname inserted in filename.
l.2 \usepackage
               {amsmath}
If you say, e.g., `\def\a1{...}', then you must always
put `1' after `\a', since control sequence names are
made up of letters only. The macro here has not been
followed by the required stuff, so I'm ignoring it.

! Use of ??? doesn't match its definition.
<argument> ???  
                ! LaTeX Error: Missing \endcsname inserted in filename.
l.2 \usepackage
               {amsmath}
If you say, e.g., `\def\a1{...}', then you must always
put `1' after `\a', since control sequence names are
made up of letters only. The macro here has not been
followed by the required stuff, so I'm ignoring it.

! Use of ??? doesn't match its definition.
<argument> ???  
                ! LaTeX Error: Missing \endcsname inserted in filename.
l.2 \usepackage
               {amsmath}
If you say, e.g., `\def\a1{...}', then you must always
put `1' after `\a', since control sequence names are
made up of letters only. The macro here has not been
followed by the required stuff, so I'm ignoring it.

! Use of ??? doesn't match its definition.
<argument> ???  
                ! LaTeX Error: Missing \endcsname inserted in filename.
l.2 \usepackage
               {amsmath}
If you say, e.g., `\def\a1{...}', then you must always
put `1' after `\a', since control sequence names are
made up of letters only. The macro here has not been
followed by the required stuff, so I'm ignoring it.

! Use of ??? doesn't match its definition.
<argument> ???  
                ! LaTeX Error: Missing \endcsname inserted in filename.
l.2 \usepackage
               {amsmath}
If you say, e.g., `\def\a1{...}', then you must always
put `1' after `\a', since control sequence names are
made up of letters only. The macro here has not been
followed by the required stuff, so I'm ignoring it.

! Use of ??? doesn't match its definition.
<argument> ???  
                ! LaTeX Error: Missing \endcsname inserted in filename.
l.2 \usepackage
               {amsmath}
If you say, e.g., `\def\a1{...}', then you must always
put `1' after `\a', since control sequence names are
made up of letters only. The macro here has not been
followed by the required stuff, so I'm ignoring it.

! Use of ??? doesn't match its definition.
<argument> ???  
                ! LaTeX Error: Missing \endcsname inserted in filename.
l.2 \usepackage
               {amsmath}
If you say, e.g., `\def\a1{...}', then you must always
put `1' after `\a', since control sequence names are
made up of letters only. The macro here has not been
followed by the required stuff, so I'm ignoring it.

! Use of ??? doesn't match its definition.
<argument> ???  
                ! LaTeX Error: Missing \endcsname inserted in filename.
l.2 \usepackage
               {amsmath}
If you say, e.g., `\def\a1{...}', then you must always
put `1' after `\a', since control sequence names are
made up of letters only. The macro here has not been
followed by the required stuff, so I'm ignoring it.

! Use of ??? doesn't match its definition.
<argument> ???  
                ! LaTeX Error: Missing \endcsname inserted in filename.
l.2 \usepackage
               {amsmath}
If you say, e.g., `\def\a1{...}', then you must always
put `1' after `\a', since control sequence names are
made up of letters only. The macro here has not been
followed by the required stuff, so I'm ignoring it.

! Use of ??? doesn't match its definition.
<argument> ???  
                ! LaTeX Error: Missing \endcsname inserted in filename.
l.2 \usepackage
               {amsmath}
If you say, e.g., `\def\a1{...}', then you must always
put `1' after `\a', since control sequence names are
made up of letters only. The macro here has not been
followed by the required stuff, so I'm ignoring it.

! Use of ??? doesn't match its definition.
<argument> ???  
                ! LaTeX Error: Missing \endcsname inserted in filename.
l.2 \usepackage
               {amsmath}
If you say, e.g., `\def\a1{...}', then you must always
put `1' after `\a', since control sequence names are
made up of letters only. The macro here has not been
followed by the required stuff, so I'm ignoring it.

! Use of ??? doesn't match its definition.
<argument> ???  
                ! LaTeX Error: Missing \endcsname inserted in filename.
l.2 \usepackage
               {amsmath}
If you say, e.g., `\def\a1{...}', then you must always
put `1' after `\a', since control sequence names are
made up of letters only. The macro here has not been
followed by the required stuff, so I'm ignoring it.

! Use of ??? doesn't match its definition.
<argument> ???  
                ! LaTeX Error: Missing \endcsname inserted in filename.
l.2 \usepackage
               {amsmath}
If you say, e.g., `\def\a1{...}', then you must always
put `1' after `\a', since control sequence names are
made up of letters only. The macro here has not been
followed by the required stuff, so I'm ignoring it.

! Use of ??? doesn't match its definition.
<argument> ???  
                ! LaTeX Error: Missing \endcsname inserted in filename.
l.2 \usepackage
               {amsmath}
If you say, e.g., `\def\a1{...}', then you must always
put `1' after `\a', since control sequence names are
made up of letters only. The macro here has not been
followed by the required stuff, so I'm ignoring it.

! Use of ??? doesn't match its definition.
<argument> ???  
                ! LaTeX Error: Missing \endcsname inserted in filename.
l.2 \usepackage
               {amsmath}
If you say, e.g., `\def\a1{...}', then you must always
put `1' after `\a', since control sequence names are
made up of letters only. The macro here has not been
followed by the required stuff, so I'm ignoring it.

! Use of ??? doesn't match its definition.
<argument> ???  
                ! LaTeX Error: Missing \endcsname inserted in filename.
l.2 \usepackage
               {amsmath}
If you say, e.g., `\def\a1{...}', then you must always
put `1' after `\a', since control sequence names are
made up of letters only. The macro here has not been
followed by the required stuff, so I'm ignoring it.

! Use of ??? doesn't match its definition.
<argument> ???  
                ! LaTeX Error: Missing \endcsname inserted in filename.
l.2 \usepackage
               {amsmath}
If you say, e.g., `\def\a1{...}', then you must always
put `1' after `\a', since control sequence names are
made up of letters only. The macro here has not been
followed by the required stuff, so I'm ignoring it.

! Use of ??? doesn't match its definition.
<argument> ???  
                ! LaTeX Error: Missing \endcsname inserted in filename.
l.2 \usepackage
               {amsmath}
If you say, e.g., `\def\a1{...}', then you must always
put `1' after `\a', since control sequence names are
made up of letters only. The macro here has not been
followed by the required stuff, so I'm ignoring it.

! Use of ??? doesn't match its definition.
<argument> ???  
                ! LaTeX Error: Missing \endcsname inserted in filename.
l.2 \usepackage
               {amsmath}
If you say, e.g., `\def\a1{...}', then you must always
put `1' after `\a', since control sequence names are
made up of letters only. The macro here has not been
followed by the required stuff, so I'm ignoring it.

! Use of ??? doesn't match its definition.
<argument> ???  
                ! LaTeX Error: Missing \endcsname inserted in filename.
l.2 \usepackage
               {amsmath}
If you say, e.g., `\def\a1{...}', then you must always
put `1' after `\a', since control sequence names are
made up of letters only. The macro here has not been
followed by the required stuff, so I'm ignoring it.

! Use of ??? doesn't match its definition.
<argument> ???  
                ! LaTeX Error: Missing \endcsname inserted in filename.
l.2 \usepackage
               {amsmath}
If you say, e.g., `\def\a1{...}', then you must always
put `1' after `\a', since control sequence names are
made up of letters only. The macro here has not been
followed by the required stuff, so I'm ignoring it.

! Use of ??? doesn't match its definition.
<argument> ???  
                ! LaTeX Error: Missing \endcsname inserted in filename.
l.2 \usepackage
               {amsmath}
If you say, e.g., `\def\a1{...}', then you must always
put `1' after `\a', since control sequence names are
made up of letters only. The macro here has not been
followed by the required stuff, so I'm ignoring it.

! Use of ??? doesn't match its definition.
<argument> ???  
                ! LaTeX Error: Missing \endcsname inserted in filename.
l.2 \usepackage
               {amsmath}
If you say, e.g., `\def\a1{...}', then you must always
put `1' after `\a', since control sequence names are
made up of letters only. The macro here has not been
followed by the required stuff, so I'm ignoring it.

! Use of ??? doesn't match its definition.
<argument> ???  
                ! LaTeX Error: Missing \endcsname inserted in filename.
l.2 \usepackage
               {amsmath}
If you say, e.g., `\def\a1{...}', then you must always
put `1' after `\a', since control sequence names are
made up of letters only. The macro here has not been
followed by the required stuff, so I'm ignoring it.

! Use of ??? doesn't match its definition.
<argument> ???  
                ! LaTeX Error: Missing \endcsname inserted in filename.
l.2 \usepackage
               {amsmath}
If you say, e.g., `\def\a1{...}', then you must always
put `1' after `\a', since control sequence names are
made up of letters only. The macro here has not been
followed by the required stuff, so I'm ignoring it.

! Use of ??? doesn't match its definition.
<argument> ???  
                ! LaTeX Error: Missing \endcsname inserted in filename.
l.2 \usepackage
               {amsmath}
If you say, e.g., `\def\a1{...}', then you must always
put `1' after `\a', since control sequence names are
made up of letters only. The macro here has not been
followed by the required stuff, so I'm ignoring it.

! Use of ??? doesn't match its definition.
<argument> ???  
                ! LaTeX Error: Missing \endcsname inserted in filename.
l.2 \usepackage
               {amsmath}
If you say, e.g., `\def\a1{...}', then you must always
put `1' after `\a', since control sequence names are
made up of letters only. The macro here has not been
followed by the required stuff, so I'm ignoring it.

! Use of ??? doesn't match its definition.
<argument> ???  
                ! LaTeX Error: Missing \endcsname inserted in filename.
l.2 \usepackage
               {amsmath}
If you say, e.g., `\def\a1{...}', then you must always
put `1' after `\a', since control sequence names are
made up of letters only. The macro here has not been
followed by the required stuff, so I'm ignoring it.

! Use of ??? doesn't match its definition.
<argument> ???  
                ! LaTeX Error: Missing \endcsname inserted in filename.
l.2 \usepackage
               {amsmath}
If you say, e.g., `\def\a1{...}', then you must always
put `1' after `\a', since control sequence names are
made up of letters only. The macro here has not been
followed by the required stuff, so I'm ignoring it.

! Use of ??? doesn't match its definition.
<argument> ???  
                ! LaTeX Error: Missing \endcsname inserted in filename.
l.2 \usepackage
               {amsmath}
If you say, e.g., `\def\a1{...}', then you must always
put `1' after `\a', since control sequence names are
made up of letters only. The macro here has not been
followed by the required stuff, so I'm ignoring it.

! Use of ??? doesn't match its definition.
<argument> ???  
                ! LaTeX Error: Missing \endcsname inserted in filename.
l.2 \usepackage
               {amsmath}
If you say, e.g., `\def\a1{...}', then you must always
put `1' after `\a', since control sequence names are
made up of letters only. The macro here has not been
followed by the required stuff, so I'm ignoring it.

! Use of ??? doesn't match its definition.
<argument> ???  
                ! LaTeX Error: Missing \endcsname inserted in filename.
l.2 \usepackage
               {amsmath}
If you say, e.g., `\def\a1{...}', then you must always
put `1' after `\a', since control sequence names are
made up of letters only. The macro here has not been
followed by the required stuff, so I'm ignoring it.

! Use of ??? doesn't match its definition.
<argument> ???  
                ! LaTeX Error: Missing \endcsname inserted in filename.
l.2 \usepackage
               {amsmath}
If you say, e.g., `\def\a1{...}', then you must always
put `1' after `\a', since control sequence names are
made up of letters only. The macro here has not been
followed by the required stuff, so I'm ignoring it.

! Use of ??? doesn't match its definition.
<argument> ???  
                ! LaTeX Error: Missing \endcsname inserted in filename.
l.2 \usepackage
               {amsmath}
If you say, e.g., `\def\a1{...}', then you must always
put `1' after `\a', since control sequence names are
made up of letters only. The macro here has not been
followed by the required stuff, so I'm ignoring it.

! Use of ??? doesn't match its definition.
<argument> ???  
                ! LaTeX Error: Missing \endcsname inserted in filename.
l.2 \usepackage
               {amsmath}
If you say, e.g., `\def\a1{...}', then you must always
put `1' after `\a', since control sequence names are
made up of letters only. The macro here has not been
followed by the required stuff, so I'm ignoring it.

! Use of ??? doesn't match its definition.
<argument> ???  
                ! LaTeX Error: Missing \endcsname inserted in filename.
l.2 \usepackage
               {amsmath}
If you say, e.g., `\def\a1{...}', then you must always
put `1' after `\a', since control sequence names are
made up of letters only. The macro here has not been
followed by the required stuff, so I'm ignoring it.

! Use of ??? doesn't match its definition.
<argument> ???  
                ! LaTeX Error: Missing \endcsname inserted in filename.
l.2 \usepackage
               {amsmath}
If you say, e.g., `\def\a1{...}', then you must always
put `1' after `\a', since control sequence names are
made up of letters only. The macro here has not been
followed by the required stuff, so I'm ignoring it.

! Use of ??? doesn't match its definition.
<argument> ???  
                ! LaTeX Error: Missing \endcsname inserted in filename.
l.2 \usepackage
               {amsmath}
If you say, e.g., `\def\a1{...}', then you must always
put `1' after `\a', since control sequence names are
made up of letters only. The macro here has not been
followed by the required stuff, so I'm ignoring it.

! Use of ??? doesn't match its definition.
<argument> ???  
                ! LaTeX Error: Missing \endcsname inserted in filename.
l.2 \usepackage
               {amsmath}
If you say, e.g., `\def\a1{...}', then you must always
put `1' after `\a', since control sequence names are
made up of letters only. The macro here has not been
followed by the required stuff, so I'm ignoring it.

! Use of ??? doesn't match its definition.
<argument> ???  
                ! LaTeX Error: Missing \endcsname inserted in filename.
l.2 \usepackage
               {amsmath}
If you say, e.g., `\def\a1{...}', then you must always
put `1' after `\a', since control sequence names are
made up of letters only. The macro here has not been
followed by the required stuff, so I'm ignoring it.

! Use of ??? doesn't match its definition.
<argument> ???  
                ! LaTeX Error: Missing \endcsname inserted in filename.
l.2 \usepackage
               {amsmath}
If you say, e.g., `\def\a1{...}', then you must always
put `1' after `\a', since control sequence names are
made up of letters only. The macro here has not been
followed by the required stuff, so I'm ignoring it.

! Use of ??? doesn't match its definition.
<argument> ???  
                ! LaTeX Error: Missing \endcsname inserted in filename.
l.2 \usepackage
               {amsmath}
If you say, e.g., `\def\a1{...}', then you must always
put `1' after `\a', since control sequence names are
made up of letters only. The macro here has not been
followed by the required stuff, so I'm ignoring it.

! Use of ??? doesn't match its definition.
<argument> ???  
                ! LaTeX Error: Missing \endcsname inserted in filename.
l.2 \usepackage
               {amsmath}
If you say, e.g., `\def\a1{...}', then you must always
put `1' after `\a', since control sequence names are
made up of letters only. The macro here has not been
followed by the required stuff, so I'm ignoring it.

! Use of ??? doesn't match its definition.
<argument> ???  
                ! LaTeX Error: Missing \endcsname inserted in filename.
l.2 \usepackage
               {amsmath}
If you say, e.g., `\def\a1{...}', then you must always
put `1' after `\a', since control sequence names are
made up of letters only. The macro here has not been
followed by the required stuff, so I'm ignoring it.

! Use of ??? doesn't match its definition.
<argument> ???  
                ! LaTeX Error: Missing \endcsname inserted in filename.
l.2 \usepackage
               {amsmath}
If you say, e.g., `\def\a1{...}', then you must always
put `1' after `\a', since control sequence names are
made up of letters only. The macro here has not been
followed by the required stuff, so I'm ignoring it.

! Use of ??? doesn't match its definition.
<argument> ???  
                ! LaTeX Error: Missing \endcsname inserted in filename.
l.2 \usepackage
               {amsmath}
If you say, e.g., `\def\a1{...}', then you must always
put `1' after `\a', since control sequence names are
made up of letters only. The macro here has not been
followed by the required stuff, so I'm ignoring it.

! Use of ??? doesn't match its definition.
<argument> ???  
                ! LaTeX Error: Missing \endcsname inserted in filename.
l.2 \usepackage
               {amsmath}
If you say, e.g., `\def\a1{...}', then you must always
put `1' after `\a', since control sequence names are
made up of letters only. The macro here has not been
followed by the required stuff, so I'm ignoring it.

! Use of ??? doesn't match its definition.
<argument> ???  
                ! LaTeX Error: Missing \endcsname inserted in filename.
l.2 \usepackage
               {amsmath}
If you say, e.g., `\def\a1{...}', then you must always
put `1' after `\a', since control sequence names are
made up of letters only. The macro here has not been
followed by the required stuff, so I'm ignoring it.

! Use of ??? doesn't match its definition.
<argument> ???  
                ! LaTeX Error: Missing \endcsname inserted in filename.
l.2 \usepackage
               {amsmath}
If you say, e.g., `\def\a1{...}', then you must always
put `1' after `\a', since control sequence names are
made up of letters only. The macro here has not been
followed by the required stuff, so I'm ignoring it.

! Use of ??? doesn't match its definition.
<argument> ???  
                ! LaTeX Error: Missing \endcsname inserted in filename.
l.2 \usepackage
               {amsmath}
If you say, e.g., `\def\a1{...}', then you must always
put `1' after `\a', since control sequence names are
made up of letters only. The macro here has not been
followed by the required stuff, so I'm ignoring it.

! Use of ??? doesn't match its definition.
<argument> ???  
                ! LaTeX Error: Missing \endcsname inserted in filename.
l.2 \usepackage
               {amsmath}
If you say, e.g., `\def\a1{...}', then you must always
put `1' after `\a', since control sequence names are
made up of letters only. The macro here has not been
followed by the required stuff, so I'm ignoring it.

! Use of ??? doesn't match its definition.
<argument> ???  
                ! LaTeX Error: Missing \endcsname inserted in filename.
l.2 \usepackage
               {amsmath}
If you say, e.g., `\def\a1{...}', then you must always
put `1' after `\a', since control sequence names are
made up of letters only. The macro here has not been
followed by the required stuff, so I'm ignoring it.

! Use of ??? doesn't match its definition.
<argument> ???  
                ! LaTeX Error: Missing \endcsname inserted in filename.
l.2 \usepackage
               {amsmath}
If you say, e.g., `\def\a1{...}', then you must always
put `1' after `\a', since control sequence names are
made up of letters only. The macro here has not been
followed by the required stuff, so I'm ignoring it.

! Use of ??? doesn't match its definition.
<argument> ???  
                ! LaTeX Error: Missing \endcsname inserted in filename.
l.2 \usepackage
               {amsmath}
If you say, e.g., `\def\a1{...}', then you must always
put `1' after `\a', since control sequence names are
made up of letters only. The macro here has not been
followed by the required stuff, so I'm ignoring it.

! Use of ??? doesn't match its definition.
<argument> ???  
                ! LaTeX Error: Missing \endcsname inserted in filename.
l.2 \usepackage
               {amsmath}
If you say, e.g., `\def\a1{...}', then you must always
put `1' after `\a', since control sequence names are
made up of letters only. The macro here has not been
followed by the required stuff, so I'm ignoring it.

! Use of ??? doesn't match its definition.
<argument> ???  
                ! LaTeX Error: Missing \endcsname inserted in filename.
l.2 \usepackage
               {amsmath}
If you say, e.g., `\def\a1{...}', then you must always
put `1' after `\a', since control sequence names are
made up of letters only. The macro here has not been
followed by the required stuff, so I'm ignoring it.

! Use of ??? doesn't match its definition.
<argument> ???  
                ! LaTeX Error: Missing \endcsname inserted in filename.
l.2 \usepackage
               {amsmath}
If you say, e.g., `\def\a1{...}', then you must always
put `1' after `\a', since control sequence names are
made up of letters only. The macro here has not been
followed by the required stuff, so I'm ignoring it.

! Use of ??? doesn't match its definition.
<argument> ???  
                ! LaTeX Error: Missing \endcsname inserted in filename.
l.2 \usepackage
               {amsmath}
If you say, e.g., `\def\a1{...}', then you must always
put `1' after `\a', since control sequence names are
made up of letters only. The macro here has not been
followed by the required stuff, so I'm ignoring it.

! Use of ??? doesn't match its definition.
<argument> ???  
                ! LaTeX Error: Missing \endcsname inserted in filename.
l.2 \usepackage
               {amsmath}
If you say, e.g., `\def\a1{...}', then you must always
put `1' after `\a', since control sequence names are
made up of letters only. The macro here has not been
followed by the required stuff, so I'm ignoring it.

! Use of ??? doesn't match its definition.
<argument> ???  
                ! LaTeX Error: Missing \endcsname inserted in filename.
l.2 \usepackage
               {amsmath}
(That makes 100 errors; please try again.) 
Here is how much of TeX's memory you used:
 20 strings out of 469781
 512 string characters out of 5481145
 427298 words of memory out of 5000000
 28506 multiletter control sequences out of 15000+600000
 626825 words of font info for 40 fonts, out of 8000000 for 9000
 14 hyphenation exceptions out of 8191
 32i,0n,49p,118b,17s stack positions out of 10000i,1000n,20000p,200000b,200000s

!  ==> Fatal error occurred, no output PDF file produced!
